Microsoft Windows [Version 10.0.19044.2130]
(c) Microsoft Corporation. All rights reserved.

C:\Users\Novan Nurseha>composer
   ______
  / ____/___  ____ ___  ____  ____  ________  _____
 / /   / __ \/ __ `__ \/ __ \/ __ \/ ___/ _ \/ ___/
/ /___/ /_/ / / / / / / /_/ / /_/ (__  )  __/ /
\____/\____/_/ /_/ /_/ .___/\____/____/\___/_/
                    /_/
Composer version 2.4.2 2022-09-14 16:11:15

Usage:
  command [options] [arguments]

Options:
  -h, --help                     Display help for the given command. When no command is given display help for the list command
  -q, --quiet                    Do not output any message
  -V, --version                  Display this application version
      --ansi|--no-ansi           Force (or disable --no-ansi) ANSI output
  -n, --no-interaction           Do not ask any interactive question
      --profile                  Display timing and memory usage information
      --no-plugins               Whether to disable plugins.
      --no-scripts               Skips the execution of all scripts defined in composer.json file.
  -d, --working-dir=WORKING-DIR  If specified, use the given directory as working directory.
      --no-cache                 Prevent use of the cache
  -v|vv|vvv, --verbose           Increase the verbosity of messages: 1 for normal output, 2 for more verbose output and 3 for debug

Available commands:
  about                Shows a short information about Composer
  archive              Creates an archive of this composer package
  audit                Checks for security vulnerability advisories for installed packages
  browse               [home] Opens the package's repository URL or homepage in your browser
  bump                 Increases the lower limit of your composer.json requirements to the currently installed versions
  check-platform-reqs  Check that platform requirements are satisfied
  clear-cache          [clearcache|cc] Clears composer's internal package cache
  completion           Dump the shell completion script
  config               Sets config options
  create-project       Creates new project from a package into given directory
  depends              [why] Shows which packages cause the given package to be installed
  diagnose             Diagnoses the system to identify common errors
  dump-autoload        [dumpautoload] Dumps the autoloader
  exec                 Executes a vendored binary/script
  fund                 Discover how to help fund the maintenance of your dependencies
  global               Allows running commands in the global composer dir ($COMPOSER_HOME)
  help                 Display help for a command
  init                 Creates a basic composer.json file in current directory
  install              [i] Installs the project dependencies from the composer.lock file if present, or falls back on the composer.json
  licenses             Shows information about licenses of dependencies
  list                 List commands
  outdated             Shows a list of installed packages that have updates available, including their latest version
  prohibits            [why-not] Shows which packages prevent the given package from being installed
  reinstall            Uninstalls and reinstalls the given package names
  remove               Removes a package from the require or require-dev
  require              [r] Adds required packages to your composer.json and installs them
  run-script           [run] Runs the scripts defined in composer.json
  search               Searches for packages
  self-update          [selfupdate] Updates composer.phar to the latest version
  show                 [info] Shows information about packages
  status               Shows a list of locally modified packages
  suggests             Shows package suggestions
  update               [u|upgrade] Updates your dependencies to the latest version according to composer.json, and updates the composer.lock file
  validate             Validates a composer.json and composer.lock

C:\Users\Novan Nurseha>php --version
PHP 8.1.6 (cli) (built: May 11 2022 08:55:59) (ZTS Visual C++ 2019 x64)
Copyright (c) The PHP Group
Zend Engine v4.1.6, Copyright (c) Zend Technologies

C:\Users\Novan Nurseha>clear
'clear' is not recognized as an internal or external command,
operable program or batch file.

C:\Users\Novan Nurseha>cd
C:\Users\Novan Nurseha

C:\Users\Novan Nurseha>cd..

C:\Users>cd..

C:\>mkdir belajarlaravel

C:\>cd belajarlaravel

C:\belajarlaravel>composer create-project laravel/laravel kwu-app
Creating a "laravel/laravel" project at "./kwu-app"
Info from https://repo.packagist.org: #StandWithUkraine
Installing laravel/laravel (v9.3.9)
  - Downloading laravel/laravel (v9.3.9)
  - Installing laravel/laravel (v9.3.9): Extracting archive
Created project in C:\belajarlaravel\kwu-app
> @php -r "file_exists('.env') || copy('.env.example', '.env');"
Loading composer repositories with package information
Updating dependencies
Lock file operations: 107 installs, 0 updates, 0 removals
  - Locking brick/math (0.10.2)
  - Locking dflydev/dot-access-data (v3.0.2)
  - Locking doctrine/inflector (2.0.6)
  - Locking doctrine/instantiator (1.4.1)
  - Locking doctrine/lexer (1.2.3)
  - Locking dragonmantank/cron-expression (v3.3.2)
  - Locking egulias/email-validator (3.2.1)
  - Locking fakerphp/faker (v1.20.0)
  - Locking filp/whoops (2.14.5)
  - Locking fruitcake/php-cors (v1.2.0)
  - Locking graham-campbell/result-type (v1.1.0)
  - Locking guzzlehttp/guzzle (7.5.0)
  - Locking guzzlehttp/promises (1.5.2)
  - Locking guzzlehttp/psr7 (2.4.3)
  - Locking hamcrest/hamcrest-php (v2.0.1)
  - Locking laravel/framework (v9.37.0)
  - Locking laravel/pint (v1.2.0)
  - Locking laravel/sail (v1.16.2)
  - Locking laravel/sanctum (v3.0.1)
  - Locking laravel/serializable-closure (v1.2.2)
  - Locking laravel/tinker (v2.7.2)
  - Locking league/commonmark (2.3.6)
  - Locking league/config (v1.1.1)
  - Locking league/flysystem (3.10.2)
  - Locking league/mime-type-detection (1.11.0)
  - Locking mockery/mockery (1.5.1)
  - Locking monolog/monolog (2.8.0)
  - Locking myclabs/deep-copy (1.11.0)
  - Locking nesbot/carbon (2.62.1)
  - Locking nette/schema (v1.2.2)
  - Locking nette/utils (v3.2.8)
  - Locking nikic/php-parser (v4.15.1)
  - Locking nunomaduro/collision (v6.3.1)
  - Locking nunomaduro/termwind (v1.14.2)
  - Locking phar-io/manifest (2.0.3)
  - Locking phar-io/version (3.2.1)
  - Locking phpoption/phpoption (1.9.0)
  - Locking phpunit/php-code-coverage (9.2.18)
  - Locking phpunit/php-file-iterator (3.0.6)
  - Locking phpunit/php-invoker (3.1.1)
  - Locking phpunit/php-text-template (2.0.4)
  - Locking phpunit/php-timer (5.0.3)
  - Locking phpunit/phpunit (9.5.26)
  - Locking psr/container (2.0.2)
  - Locking psr/event-dispatcher (1.0.0)
  - Locking psr/http-client (1.0.1)
  - Locking psr/http-factory (1.0.1)
  - Locking psr/http-message (1.0.1)
  - Locking psr/log (3.0.0)
  - Locking psr/simple-cache (3.0.0)
  - Locking psy/psysh (v0.11.8)
  - Locking ralouphie/getallheaders (3.0.3)
  - Locking ramsey/collection (1.2.2)
  - Locking ramsey/uuid (4.5.1)
  - Locking sebastian/cli-parser (1.0.1)
  - Locking sebastian/code-unit (1.0.8)
  - Locking sebastian/code-unit-reverse-lookup (2.0.3)
  - Locking sebastian/comparator (4.0.8)
  - Locking sebastian/complexity (2.0.2)
  - Locking sebastian/diff (4.0.4)
  - Locking sebastian/environment (5.1.4)
  - Locking sebastian/exporter (4.0.5)
  - Locking sebastian/global-state (5.0.5)
  - Locking sebastian/lines-of-code (1.0.3)
  - Locking sebastian/object-enumerator (4.0.4)
  - Locking sebastian/object-reflector (2.0.4)
  - Locking sebastian/recursion-context (4.0.4)
  - Locking sebastian/resource-operations (3.0.3)
  - Locking sebastian/type (3.2.0)
  - Locking sebastian/version (3.0.2)
  - Locking spatie/backtrace (1.2.1)
  - Locking spatie/flare-client-php (1.3.0)
  - Locking spatie/ignition (1.4.1)
  - Locking spatie/laravel-ignition (1.6.1)
  - Locking symfony/console (v6.1.7)
  - Locking symfony/css-selector (v6.1.3)
  - Locking symfony/deprecation-contracts (v3.1.1)
  - Locking symfony/error-handler (v6.1.7)
  - Locking symfony/event-dispatcher (v6.1.0)
  - Locking symfony/event-dispatcher-contracts (v3.1.1)
  - Locking symfony/finder (v6.1.3)
  - Locking symfony/http-foundation (v6.1.7)
  - Locking symfony/http-kernel (v6.1.7)
  - Locking symfony/mailer (v6.1.7)
  - Locking symfony/mime (v6.1.7)
  - Locking symfony/polyfill-ctype (v1.26.0)
  - Locking symfony/polyfill-intl-grapheme (v1.26.0)
  - Locking symfony/polyfill-intl-idn (v1.26.0)
  - Locking symfony/polyfill-intl-normalizer (v1.26.0)
  - Locking symfony/polyfill-mbstring (v1.26.0)
  - Locking symfony/polyfill-php72 (v1.26.0)
  - Locking symfony/polyfill-php80 (v1.26.0)
  - Locking symfony/polyfill-php81 (v1.26.0)
  - Locking symfony/polyfill-uuid (v1.26.0)
  - Locking symfony/process (v6.1.3)
  - Locking symfony/routing (v6.1.7)
  - Locking symfony/service-contracts (v3.1.1)
  - Locking symfony/string (v6.1.7)
  - Locking symfony/translation (v6.1.6)
  - Locking symfony/translation-contracts (v3.1.1)
  - Locking symfony/uid (v6.1.5)
  - Locking symfony/var-dumper (v6.1.6)
  - Locking theseer/tokenizer (1.2.1)
  - Locking tijsverkoyen/css-to-inline-styles (2.2.5)
  - Locking vlucas/phpdotenv (v5.5.0)
  - Locking voku/portable-ascii (2.0.1)
  - Locking webmozart/assert (1.11.0)
Writing lock file
Installing dependencies from lock file (including require-dev)
Package operations: 107 installs, 0 updates, 0 removals
  - Downloading doctrine/inflector (2.0.6)
  - Downloading doctrine/lexer (1.2.3)
  - Downloading symfony/polyfill-ctype (v1.26.0)
  - Downloading webmozart/assert (1.11.0)
  - Downloading dragonmantank/cron-expression (v3.3.2)
  - Downloading symfony/deprecation-contracts (v3.1.1)
  - Downloading psr/container (2.0.2)
  - Downloading fakerphp/faker (v1.20.0)
  - Downloading symfony/polyfill-mbstring (v1.26.0)
  - Downloading symfony/http-foundation (v6.1.7)
  - Downloading fruitcake/php-cors (v1.2.0)
  - Downloading psr/http-message (1.0.1)
  - Downloading psr/http-client (1.0.1)
  - Downloading ralouphie/getallheaders (3.0.3)
  - Downloading psr/http-factory (1.0.1)
  - Downloading guzzlehttp/psr7 (2.4.3)
  - Downloading guzzlehttp/promises (1.5.2)
  - Downloading guzzlehttp/guzzle (7.5.0)
  - Downloading laravel/pint (v1.2.0)
  - Downloading voku/portable-ascii (2.0.1)
  - Downloading symfony/polyfill-php80 (v1.26.0)
  - Downloading phpoption/phpoption (1.9.0)
  - Downloading graham-campbell/result-type (v1.1.0)
  - Downloading vlucas/phpdotenv (v5.5.0)
  - Downloading symfony/css-selector (v6.1.3)
  - Downloading tijsverkoyen/css-to-inline-styles (2.2.5)
  - Downloading symfony/var-dumper (v6.1.6)
  - Downloading symfony/polyfill-uuid (v1.26.0)
  - Downloading symfony/uid (v6.1.5)
  - Downloading symfony/routing (v6.1.7)
  - Downloading symfony/process (v6.1.3)
  - Downloading symfony/polyfill-php72 (v1.26.0)
  - Downloading symfony/polyfill-intl-normalizer (v1.26.0)
  - Downloading symfony/polyfill-intl-idn (v1.26.0)
  - Downloading symfony/mime (v6.1.7)
  - Downloading symfony/service-contracts (v3.1.1)
  - Downloading psr/event-dispatcher (1.0.0)
  - Downloading symfony/event-dispatcher-contracts (v3.1.1)
  - Downloading symfony/event-dispatcher (v6.1.0)
  - Downloading psr/log (3.0.0)
  - Downloading egulias/email-validator (3.2.1)
  - Downloading symfony/mailer (v6.1.7)
  - Downloading symfony/error-handler (v6.1.7)
  - Downloading symfony/http-kernel (v6.1.7)
  - Downloading symfony/finder (v6.1.3)
  - Downloading symfony/polyfill-intl-grapheme (v1.26.0)
  - Downloading symfony/string (v6.1.7)
  - Downloading symfony/console (v6.1.7)
  - Downloading symfony/polyfill-php81 (v1.26.0)
  - Downloading ramsey/collection (1.2.2)
  - Downloading brick/math (0.10.2)
  - Downloading ramsey/uuid (4.5.1)
  - Downloading psr/simple-cache (3.0.0)
  - Downloading nunomaduro/termwind (v1.14.2)
  - Downloading symfony/translation-contracts (v3.1.1)
  - Downloading symfony/translation (v6.1.6)
  - Downloading nesbot/carbon (2.62.1)
  - Downloading monolog/monolog (2.8.0)
  - Downloading league/mime-type-detection (1.11.0)
  - Downloading league/flysystem (3.10.2)
  - Downloading nette/utils (v3.2.8)
  - Downloading nette/schema (v1.2.2)
  - Downloading dflydev/dot-access-data (v3.0.2)
  - Downloading league/config (v1.1.1)
  - Downloading league/commonmark (2.3.6)
  - Downloading laravel/serializable-closure (v1.2.2)
  - Downloading laravel/framework (v9.37.0)
  - Downloading laravel/sail (v1.16.2)
  - Downloading laravel/sanctum (v3.0.1)
  - Downloading nikic/php-parser (v4.15.1)
  - Downloading psy/psysh (v0.11.8)
  - Downloading laravel/tinker (v2.7.2)
  - Downloading hamcrest/hamcrest-php (v2.0.1)
  - Downloading mockery/mockery (1.5.1)
  - Downloading filp/whoops (2.14.5)
  - Downloading nunomaduro/collision (v6.3.1)
  - Downloading sebastian/version (3.0.2)
  - Downloading sebastian/type (3.2.0)
  - Downloading sebastian/resource-operations (3.0.3)
  - Downloading sebastian/recursion-context (4.0.4)
  - Downloading sebastian/object-reflector (2.0.4)
  - Downloading sebastian/object-enumerator (4.0.4)
  - Downloading sebastian/global-state (5.0.5)
  - Downloading sebastian/exporter (4.0.5)
  - Downloading sebastian/environment (5.1.4)
  - Downloading sebastian/diff (4.0.4)
  - Downloading sebastian/comparator (4.0.8)
  - Downloading sebastian/code-unit (1.0.8)
  - Downloading sebastian/cli-parser (1.0.1)
  - Downloading phpunit/php-timer (5.0.3)
  - Downloading phpunit/php-text-template (2.0.4)
  - Downloading phpunit/php-invoker (3.1.1)
  - Downloading phpunit/php-file-iterator (3.0.6)
  - Downloading theseer/tokenizer (1.2.1)
  - Downloading sebastian/lines-of-code (1.0.3)
  - Downloading sebastian/complexity (2.0.2)
  - Downloading sebastian/code-unit-reverse-lookup (2.0.3)
  - Downloading phpunit/php-code-coverage (9.2.18)
  - Downloading phar-io/version (3.2.1)
  - Downloading phar-io/manifest (2.0.3)
  - Downloading myclabs/deep-copy (1.11.0)
  - Downloading doctrine/instantiator (1.4.1)
  - Downloading phpunit/phpunit (9.5.26)
  - Downloading spatie/backtrace (1.2.1)
  - Downloading spatie/flare-client-php (1.3.0)
  - Downloading spatie/ignition (1.4.1)
  - Downloading spatie/laravel-ignition (1.6.1)
  - Installing doctrine/inflector (2.0.6): Extracting archive
  - Installing doctrine/lexer (1.2.3): Extracting archive
  - Installing symfony/polyfill-ctype (v1.26.0): Extracting archive
  - Installing webmozart/assert (1.11.0): Extracting archive
  - Installing dragonmantank/cron-expression (v3.3.2): Extracting archive
  - Installing symfony/deprecation-contracts (v3.1.1): Extracting archive
  - Installing psr/container (2.0.2): Extracting archive
  - Installing fakerphp/faker (v1.20.0): Extracting archive
  - Installing symfony/polyfill-mbstring (v1.26.0): Extracting archive
  - Installing symfony/http-foundation (v6.1.7): Extracting archive
  - Installing fruitcake/php-cors (v1.2.0): Extracting archive
  - Installing psr/http-message (1.0.1): Extracting archive
  - Installing psr/http-client (1.0.1): Extracting archive
  - Installing ralouphie/getallheaders (3.0.3): Extracting archive
  - Installing psr/http-factory (1.0.1): Extracting archive
  - Installing guzzlehttp/psr7 (2.4.3): Extracting archive
  - Installing guzzlehttp/promises (1.5.2): Extracting archive
  - Installing guzzlehttp/guzzle (7.5.0): Extracting archive
  - Installing laravel/pint (v1.2.0): Extracting archive
  - Installing voku/portable-ascii (2.0.1): Extracting archive
  - Installing symfony/polyfill-php80 (v1.26.0): Extracting archive
  - Installing phpoption/phpoption (1.9.0): Extracting archive
  - Installing graham-campbell/result-type (v1.1.0): Extracting archive
  - Installing vlucas/phpdotenv (v5.5.0): Extracting archive
  - Installing symfony/css-selector (v6.1.3): Extracting archive
  - Installing tijsverkoyen/css-to-inline-styles (2.2.5): Extracting archive
  - Installing symfony/var-dumper (v6.1.6): Extracting archive
  - Installing symfony/polyfill-uuid (v1.26.0): Extracting archive
  - Installing symfony/uid (v6.1.5): Extracting archive
  - Installing symfony/routing (v6.1.7): Extracting archive
  - Installing symfony/process (v6.1.3): Extracting archive
  - Installing symfony/polyfill-php72 (v1.26.0): Extracting archive
  - Installing symfony/polyfill-intl-normalizer (v1.26.0): Extracting archive
  - Installing symfony/polyfill-intl-idn (v1.26.0): Extracting archive
  - Installing symfony/mime (v6.1.7): Extracting archive
  - Installing symfony/service-contracts (v3.1.1): Extracting archive
  - Installing psr/event-dispatcher (1.0.0): Extracting archive
  - Installing symfony/event-dispatcher-contracts (v3.1.1): Extracting archive
  - Installing symfony/event-dispatcher (v6.1.0): Extracting archive
  - Installing psr/log (3.0.0): Extracting archive
  - Installing egulias/email-validator (3.2.1): Extracting archive
  - Installing symfony/mailer (v6.1.7): Extracting archive
  - Installing symfony/error-handler (v6.1.7): Extracting archive
  - Installing symfony/http-kernel (v6.1.7): Extracting archive
  - Installing symfony/finder (v6.1.3): Extracting archive
  - Installing symfony/polyfill-intl-grapheme (v1.26.0): Extracting archive
  - Installing symfony/string (v6.1.7): Extracting archive
  - Installing symfony/console (v6.1.7): Extracting archive
  - Installing symfony/polyfill-php81 (v1.26.0): Extracting archive
  - Installing ramsey/collection (1.2.2): Extracting archive
  - Installing brick/math (0.10.2): Extracting archive
  - Installing ramsey/uuid (4.5.1): Extracting archive
  - Installing psr/simple-cache (3.0.0): Extracting archive
  - Installing nunomaduro/termwind (v1.14.2): Extracting archive
  - Installing symfony/translation-contracts (v3.1.1): Extracting archive
  - Installing symfony/translation (v6.1.6): Extracting archive
  - Installing nesbot/carbon (2.62.1): Extracting archive
  - Installing monolog/monolog (2.8.0): Extracting archive
  - Installing league/mime-type-detection (1.11.0): Extracting archive
  - Installing league/flysystem (3.10.2): Extracting archive
  - Installing nette/utils (v3.2.8): Extracting archive
  - Installing nette/schema (v1.2.2): Extracting archive
  - Installing dflydev/dot-access-data (v3.0.2): Extracting archive
  - Installing league/config (v1.1.1): Extracting archive
  - Installing league/commonmark (2.3.6): Extracting archive
  - Installing laravel/serializable-closure (v1.2.2): Extracting archive
  - Installing laravel/framework (v9.37.0): Extracting archive
  - Installing laravel/sail (v1.16.2): Extracting archive
  - Installing laravel/sanctum (v3.0.1): Extracting archive
  - Installing nikic/php-parser (v4.15.1): Extracting archive
  - Installing psy/psysh (v0.11.8): Extracting archive
  - Installing laravel/tinker (v2.7.2): Extracting archive
  - Installing hamcrest/hamcrest-php (v2.0.1): Extracting archive
  - Installing mockery/mockery (1.5.1): Extracting archive
  - Installing filp/whoops (2.14.5): Extracting archive
  - Installing nunomaduro/collision (v6.3.1): Extracting archive
  - Installing sebastian/version (3.0.2): Extracting archive
  - Installing sebastian/type (3.2.0): Extracting archive
  - Installing sebastian/resource-operations (3.0.3): Extracting archive
  - Installing sebastian/recursion-context (4.0.4): Extracting archive
  - Installing sebastian/object-reflector (2.0.4): Extracting archive
  - Installing sebastian/object-enumerator (4.0.4): Extracting archive
  - Installing sebastian/global-state (5.0.5): Extracting archive
  - Installing sebastian/exporter (4.0.5): Extracting archive
  - Installing sebastian/environment (5.1.4): Extracting archive
  - Installing sebastian/diff (4.0.4): Extracting archive
  - Installing sebastian/comparator (4.0.8): Extracting archive
  - Installing sebastian/code-unit (1.0.8): Extracting archive
  - Installing sebastian/cli-parser (1.0.1): Extracting archive
  - Installing phpunit/php-timer (5.0.3): Extracting archive
  - Installing phpunit/php-text-template (2.0.4): Extracting archive
  - Installing phpunit/php-invoker (3.1.1): Extracting archive
  - Installing phpunit/php-file-iterator (3.0.6): Extracting archive
  - Installing theseer/tokenizer (1.2.1): Extracting archive
  - Installing sebastian/lines-of-code (1.0.3): Extracting archive
  - Installing sebastian/complexity (2.0.2): Extracting archive
  - Installing sebastian/code-unit-reverse-lookup (2.0.3): Extracting archive
  - Installing phpunit/php-code-coverage (9.2.18): Extracting archive
  - Installing phar-io/version (3.2.1): Extracting archive
  - Installing phar-io/manifest (2.0.3): Extracting archive
  - Installing myclabs/deep-copy (1.11.0): Extracting archive
  - Installing doctrine/instantiator (1.4.1): Extracting archive
  - Installing phpunit/phpunit (9.5.26): Extracting archive
  - Installing spatie/backtrace (1.2.1): Extracting archive
  - Installing spatie/flare-client-php (1.3.0): Extracting archive
  - Installing spatie/ignition (1.4.1): Extracting archive
  - Installing spatie/laravel-ignition (1.6.1): Extracting archive
72 package suggestions were added by new dependencies, use `composer suggest` to see details.
Generating optimized autoload files
> Illuminate\Foundation\ComposerScripts::postAutoloadDump
> @php artisan package:discover --ansi

   INFO  Discovering packages.

  laravel/sail .................................................................................................. DONE
  laravel/sanctum ............................................................................................... DONE
  laravel/tinker ................................................................................................ DONE
  nesbot/carbon ................................................................................................. DONE
  nunomaduro/collision .......................................................................................... DONE
  nunomaduro/termwind ........................................................................................... DONE
  spatie/laravel-ignition ....................................................................................... DONE

81 packages you are using are looking for funding.
Use the `composer fund` command to find out more!
> @php artisan vendor:publish --tag=laravel-assets --ansi --force

   INFO  No publishable resources for tag [laravel-assets].

No security vulnerability advisories found
> @php artisan key:generate --ansi

   INFO  Application key set successfully.


C:\belajarlaravel>cd kwu-app

C:\belajarlaravel\kwu-app>php artisan key:generate

   INFO  Application key set successfully.


C:\belajarlaravel\kwu-app>php artisan serve

   INFO  Server running on [http://127.0.0.1:8000].

  Press Ctrl+C to stop the server

  2022-11-01 10:40:05 ........................................................................................... ~ 4s
  2022-11-01 10:40:05 /favicon.ico .............................................................................. ~ 4s
  2022-11-01 10:44:30 ........................................................................................... ~ 1s
  2022-11-01 10:44:30 /favicon.ico .............................................................................. ~ 4s
